[backblue.gif]
[fade.gif]
[index.html]
[www.sitepro.com.ar/web/feed/index.html]
[www.sitepro.com.ar/web/comments/feed/index.html]
[www.sitepro.com.ar/web/wp-includes/js/jquery/jqueryb8ff.js]
[www.sitepro.com.ar/web/wp-includes/js/jquery/jquery-migrate.min330a.js]
[www.sitepro.com.ar/web/wp-content/plugins/modula-best-grid-gallery/scripts/jquery.modulaaead.js]
[www.sitepro.com.ar/web/xmlrpc0db0.php]
[www.sitepro.com.ar/web/wp-includes/wlwmanifest.xml]
[www.sitepro.com.ar/web/wp-json/oembed/1.0/embede6a5.json]
[www.sitepro.com.ar/web/wp-json/index.html]
[www.sitepro.com.ar/web/wp-json/oembed/1.0/embede2a7]
[www.sitepro.com.ar/web/wp-content/uploads/2018/10/cropped-cropped-logo-sitepro1-1-32x32.jpg]
[www.sitepro.com.ar/web/wp-content/uploads/2018/10/cropped-cropped-logo-sitepro1-1-192x192.jpg]
[www.sitepro.com.ar/web/wp-content/uploads/2018/10/cropped-cropped-logo-sitepro1-1-180x180.jpg]
[www.sitepro.com.ar/web/wp-content/uploads/2018/08/cropped-logo-sitepro10ba7.png]
[www.sitepro.com.ar/web/wp-content/plugins/master-slider/public/assets/css/blank.gif]
[www.sitepro.com.ar/web/wp-content/uploads/2018/05/^81C65CB508566C3C2C8CB27FA1A4922B2AFB5A755CE63BCA3C^pimgpsh_fullsize_distr.jpg]
[www.sitepro.com.ar/web/wp-content/uploads/2018/05/^C9943C33B8C1272BFD97DFE2224E31627C0642EBD9F70C04B9^pimgpsh_fullsize_distr.jpg]
[www.sitepro.com.ar/web/wp-content/uploads/2018/05/^AA13AB610689320E2E1D3A94FAEDCA01A4180ACCDB5BA30E05^pimgpsh_fullsize_distr.jpg]
[www.sitepro.com.ar/web/wp-content/uploads/2018/03/7.jpg]
[www.sitepro.com.ar/web/wp-content/uploads/2018/03/2.jpg]
[www.sitepro.com.ar/web/wp-content/uploads/2018/03/3.jpg]
[siteprocomar.files.wordpress.com/2018/01/nuestras-soluciones-014.png]
[siteprocomar.files.wordpress.com/2018/01/nuestras-soluciones-024.png]
[siteprocomar.files.wordpress.com/2018/01/nuestras-soluciones-034.png]
[siteprocomar.files.wordpress.com/2018/01/nuestras-soluciones-044.png]
[siteprocomar.files.wordpress.com/2018/01/nuestras-soluciones-054.png]
[www.sitepro.com.ar/web/wp-content/uploads/2018/10/DATAWEB.jpg]
[www.sitepro.com.ar/web/wp-content/plugins/easy-sidebar-menu-widget/assets/js/jquery.easy-sidebar-menu-widget.minaead.js]
[www.sitepro.com.ar/web/wp-content/plugins/responsive-accordion-and-collapse/js/bootstrapaead.js]
[www.sitepro.com.ar/web/wp-content/plugins/responsive-accordion-and-collapse/js/accordionaead.js]
[www.sitepro.com.ar/web/wp-content/themes/radiate/js/navigation11a8.js]
[www.sitepro.com.ar/web/wp-content/themes/radiate/js/skip-link-focus-fix08e0.js]
[www.sitepro.com.ar/web/wp-content/themes/radiate/js/customaead.js]
[www.sitepro.com.ar/web/wp-includes/js/wp-embed.minaead.js]
[www.sitepro.com.ar/web/wp-content/plugins/master-slider/public/assets/js/jquery.easing.min3b71.js]
[www.sitepro.com.ar/web/wp-content/plugins/master-slider/public/assets/js/masterslider.min3b71.js]
[www.sitepro.com.ar/web/index.html]
[www.sitepro.com.ar/web/xmlrpc.php]
[www.sitepro.com.ar/web/wp-includes/css/dist/block-library/style.minaead.css]
[www.sitepro.com.ar/web/wp-content/plugins/easy-sidebar-menu-widget/assets/fonts/fontello8c8e.eot]
[www.sitepro.com.ar/web/wp-content/plugins/easy-sidebar-menu-widget/assets/fonts/fontello8c8e.woff2]
[www.sitepro.com.ar/web/wp-content/plugins/easy-sidebar-menu-widget/assets/fonts/fontello8c8e.woff]
[www.sitepro.com.ar/web/wp-content/plugins/easy-sidebar-menu-widget/assets/fonts/fontello8c8e.ttf]
[www.sitepro.com.ar/web/wp-content/plugins/easy-sidebar-menu-widget/assets/css/easy-sidebar-menu-widgetaead.css]
[www.sitepro.com.ar/web/wp-content/plugins/modula-best-grid-gallery/admin/font/modula/modula-icons.eot]
[www.sitepro.com.ar/web/wp-content/plugins/modula-best-grid-gallery/admin/font/modula/modula-iconsd41d.eot]
[www.sitepro.com.ar/web/wp-content/plugins/modula-best-grid-gallery/admin/font/modula/modula-icons.woff]
[www.sitepro.com.ar/web/wp-content/plugins/modula-best-grid-gallery/admin/font/modula/modula-icons.ttf]
[www.sitepro.com.ar/web/wp-content/plugins/modula-best-grid-gallery/scripts/modula9e1e.css]
[www.sitepro.com.ar/web/wp-content/plugins/modula-best-grid-gallery/scripts/effects9e1e.css]
[www.sitepro.com.ar/web/wp-content/plugins/responsive-accordion-and-collapse/css/font-awesome/fonts/fontawesome-webfont862f.eot]
[www.sitepro.com.ar/web/wp-content/plugins/responsive-accordion-and-collapse/css/font-awesome/fonts/fontawesome-webfontd41d.eot]
[www.sitepro.com.ar/web/wp-content/plugins/responsive-accordion-and-collapse/css/font-awesome/fonts/fontawesome-webfont862f.woff]
[www.sitepro.com.ar/web/wp-content/plugins/responsive-accordion-and-collapse/css/font-awesome/fonts/fontawesome-webfont862f.ttf]
[www.sitepro.com.ar/web/wp-content/plugins/responsive-accordion-and-collapse/css/font-awesome/css/font-awesome.minaead.css]
[www.sitepro.com.ar/web/wp-content/plugins/responsive-accordion-and-collapse/css/bootstrap-frontaead.css]
[www.sitepro.com.ar/web/wp-content/plugins/widget-options/assets/css/widget-options.css]
[www.sitepro.com.ar/web/wp-content/themes/radiate/styleaead.css]
[www.sitepro.com.ar/web/wp-content/themes/radiate/genericons/Genericons.eot]
[www.sitepro.com.ar/web/wp-content/themes/radiate/genericons/Genericonsd41d.eot]
[www.sitepro.com.ar/web/wp-content/themes/radiate/genericons/Genericons.ttf]
[www.sitepro.com.ar/web/wp-content/themes/radiate/genericons/genericons3d36.css]
[www.sitepro.com.ar/web/wp-content/plugins/master-slider/public/assets/css/common/loading-2.gif]
[www.sitepro.com.ar/web/wp-content/plugins/master-slider/public/assets/css/common/grab.png]
[www.sitepro.com.ar/web/wp-content/plugins/master-slider/public/assets/css/common/grabbing.png]
[www.sitepro.com.ar/web/wp-content/plugins/master-slider/public/assets/css/common/video-close-btn.png]
[www.sitepro.com.ar/web/wp-content/plugins/master-slider/public/assets/css/skins/light-skin-1.png]
[www.sitepro.com.ar/web/wp-content/plugins/master-slider/public/assets/css/skins/light-skin-1-retina.png]
[www.sitepro.com.ar/web/wp-content/plugins/master-slider/public/assets/css/skins/black-skin-1.png]
[www.sitepro.com.ar/web/wp-content/plugins/master-slider/public/assets/css/skins/black-skin-1-retina.png]
[www.sitepro.com.ar/web/wp-content/plugins/master-slider/public/assets/css/skins/black-skin-2.png]
[www.sitepro.com.ar/web/wp-content/plugins/master-slider/public/assets/css/skins/black-skin-2-retina.png]
[www.sitepro.com.ar/web/wp-content/plugins/master-slider/public/assets/css/skins/light-skin-2.png]
[www.sitepro.com.ar/web/wp-content/plugins/master-slider/public/assets/css/skins/light-skin-2-retina.png]
[www.sitepro.com.ar/web/wp-content/plugins/master-slider/public/assets/css/skins/light-skin-3.png]
[www.sitepro.com.ar/web/wp-content/plugins/master-slider/public/assets/css/skins/light-skin-3-retina.png]
[www.sitepro.com.ar/web/wp-content/plugins/master-slider/public/assets/css/skins/light-skin-4.png]
[www.sitepro.com.ar/web/wp-content/plugins/master-slider/public/assets/css/skins/light-skin-4-retina.png]
[www.sitepro.com.ar/web/wp-content/plugins/master-slider/public/assets/css/skins/light-skin-5.png]
[www.sitepro.com.ar/web/wp-content/plugins/master-slider/public/assets/css/skins/light-skin-5-retina.png]
[www.sitepro.com.ar/web/wp-content/plugins/master-slider/public/assets/css/skins/light-skin-6.png]
[www.sitepro.com.ar/web/wp-content/plugins/master-slider/public/assets/css/skins/light-skin-6-retina.png]
[www.sitepro.com.ar/web/wp-content/plugins/master-slider/public/assets/css/skins/metro-skin.png]
[www.sitepro.com.ar/web/wp-content/plugins/master-slider/public/assets/css/skins/metro-skin-retina.png]
[www.sitepro.com.ar/web/wp-content/plugins/master-slider/public/assets/css/skins/contrast-skin.png]
[www.sitepro.com.ar/web/wp-content/plugins/master-slider/public/assets/css/skins/contrast-skin-retina.png]
[www.sitepro.com.ar/web/wp-content/plugins/master-slider/public/assets/css/masterslider.main3b71.css]
[www.sitepro.com.ar/web/wp-content/uploads/master-slider/customb329.css]
[www.sitepro.com.ar/web/wp-content/plugins/master-slider/public/assets/css/common/grabbing.html]
[www.sitepro.com.ar/web/wp-content/plugins/master-slider/public/assets/css/common/grab.html]
[www.sitepro.com.ar/web/wp-json/oembed/1.0/embedf40e.json]
[www.sitepro.com.ar/web/wp-json/oembed/1.0/embed210c]
[hardkey.com.ar/wp-content/uploads/2017/11/polo-it-buenos-aires-01.png]
[www.sitepro.com.ar/web/quienes-somos/index.html]
[www.sitepro.com.ar/web/wp-json/oembed/1.0/embedeeef.json]
[www.sitepro.com.ar/web/wp-json/oembed/1.0/embedc2f1]
[siteprocomar.files.wordpress.com/2017/12/tsetoken5100.png]
[www.sitepro.com.ar/web/productos/firma-digital/etoken-safenet-5100/index.html]
[www.sitepro.com.ar/web/wp-json/oembed/1.0/embed04d1.json]
[www.sitepro.com.ar/web/wp-json/oembed/1.0/embed0031]
[siteprocomar.files.wordpress.com/2018/01/idprimemd-gemalto-025.png]
[www.sitepro.com.ar/web/productos/firma-digital/idprime-md/index.html]
[www.sitepro.com.ar/web/wp-json/oembed/1.0/embede373.json]
[www.sitepro.com.ar/web/wp-json/oembed/1.0/embed8e11]
[siteprocomar.files.wordpress.com/2018/01/4identity.png]
[www.sitepro.com.ar/web/wp-content/uploads/2018/10/4identity_graf.png]
[www.sitepro.com.ar/web/productos/firma-digital/4identity/index.html]
[www.sitepro.com.ar/web/wp-json/oembed/1.0/embedaa83.json]
[www.sitepro.com.ar/web/wp-json/oembed/1.0/embedfa3a]
[www.sitepro.com.ar/web/wp-content/uploads/2018/10/safenet-payment-hsm.png]
[www.sitepro.com.ar/web/productos/proteccion-de-datos/safenet-payment-hsm/index.html]
[www.sitepro.com.ar/web/wp-json/oembed/1.0/embed75ac.json]
[www.sitepro.com.ar/web/wp-json/oembed/1.0/embedb10b]
[www.sitepro.com.ar/web/wp-content/uploads/2018/03/nuestras-soluciones-06.png]
[www.sitepro.com.ar/web/productos/proteccion-de-datos/safenet-protectserver/index.html]
[www.sitepro.com.ar/web/wp-json/oembed/1.0/embed423c.json]
[www.sitepro.com.ar/web/wp-json/oembed/1.0/embedb2a3]
[www.sitepro.com.ar/web/wp-content/uploads/2018/03/KeySecure_lateral-150x150.png]
[www.sitepro.com.ar/web/wp-content/uploads/2018/10/KeySecure_graf-español.png]
[www.sitepro.com.ar/web/productos/proteccion-de-datos/safenet-keysecure/index.html]
[www.sitepro.com.ar/web/wp-json/oembed/1.0/embedaec1.json]
[www.sitepro.com.ar/web/wp-json/oembed/1.0/embedcc4d]
[siteprocomar.files.wordpress.com/2017/12/luna-5x.png]
[www.sitepro.com.ar/web/productos/seguridad-en-hardware/luna-sa-5-x-hsm/index.html]
[www.sitepro.com.ar/web/wp-json/oembed/1.0/embed570c.json]
[www.sitepro.com.ar/web/wp-json/oembed/1.0/embed13ee]
[siteprocomar.files.wordpress.com/2018/01/luna-sa-01.png]
[siteprocomar.files.wordpress.com/2018/01/luna-sa_graf.png]
[www.sitepro.com.ar/web/product/hardware-de-seguridad-hsm/safenet-luna-sa/index.html]
[www.sitepro.com.ar/web/wp-json/oembed/1.0/embed691d.json]
[www.sitepro.com.ar/web/wp-json/oembed/1.0/embed6cc3]
[siteprocomar.files.wordpress.com/2017/12/lunag5.jpg]
[www.sitepro.com.ar/web/product/seguridad-en-hardware/luna-g5/index.html]
[www.sitepro.com.ar/web/wp-json/oembed/1.0/embedfe4a.json]
[www.sitepro.com.ar/web/wp-json/oembed/1.0/embed4a0d]
[siteprocomar.files.wordpress.com/2017/12/safenet-protectserver-internal.png]
[siteprocomar.files.wordpress.com/2018/01/luna-pci-02.png]
[www.sitepro.com.ar/web/product/hardware-de-seguridad-hsm/safenet-luna-pci/index.html]
[www.sitepro.com.ar/web/wp-json/oembed/1.0/embed02cc.json]
[www.sitepro.com.ar/web/wp-json/oembed/1.0/embed83f3]
[siteprocomar.files.wordpress.com/2017/12/thumb05.png]
[www.sitepro.com.ar/web/productos/autenticacion-de-usuarios/safenet-authentication-manager/index.html]
[www.sitepro.com.ar/web/wp-json/oembed/1.0/embed8039.json]
[www.sitepro.com.ar/web/wp-json/oembed/1.0/embed06cd]
[siteprocomar.files.wordpress.com/2018/01/etoken-pass-2_lateral.png]
[www.sitepro.com.ar/web/productos/autenticacion-de-usuarios/dispositivos-otp/index.html]
[www.sitepro.com.ar/web/wp-json/oembed/1.0/embed806b.json]
[www.sitepro.com.ar/web/wp-json/oembed/1.0/embed47f8]
[siteprocomar.files.wordpress.com/2018/01/hardkey_mio.png]
[www.sitepro.com.ar/web/productos/autenticacion-de-usuarios/hardkey-mio/index.html]
[www.sitepro.com.ar/web/wp-json/oembed/1.0/embeda5ec.json]
[www.sitepro.com.ar/web/wp-json/oembed/1.0/embed5f66]
[siteprocomar.files.wordpress.com/2018/01/hardkey_net.png]
[www.sitepro.com.ar/web/wp-content/uploads/2018/10/^D7B2EFE6C6B3C3192D212B64A2666A7CFCC5DEA6656D118886^pimgpsh_fullsize_distr.png]
[www.sitepro.com.ar/web/productos/proteccion-de-software/llaves-hardkey/index.html]
[www.sitepro.com.ar/web/wp-json/oembed/1.0/embed5fd2.json]
[www.sitepro.com.ar/web/wp-json/oembed/1.0/embedd3c0]
[siteprocomar.files.wordpress.com/2018/01/hardkey-web_lateral.png]
[siteprocomar.files.wordpress.com/2018/01/hardkey-web_graf4.png]
[www.sitepro.com.ar/web/productos/proteccion-de-software/hardkey-web/index.html]
[www.sitepro.com.ar/web/wp-json/oembed/1.0/embed0ed0.json]
[www.sitepro.com.ar/web/wp-json/oembed/1.0/embed5d9d]
[sitepro.com.ar/web/wp-content/uploads/2018/08/banderas2_Brasil.png]
[sitepro.com.ar/web/wp-content/uploads/2018/08/banderas2_Chile.png]
[sitepro.com.ar/web/wp-content/uploads/2018/08/banderas2_Colombia.png]
[sitepro.com.ar/web/wp-content/uploads/2018/08/banderas2_Ecuador.png]
[sitepro.com.ar/web/wp-content/uploads/2018/08/banderas2_Espa_C3_B1a.png]
[sitepro.com.ar/web/wp-content/uploads/2018/08/banderas2_Mexico.png]
[sitepro.com.ar/web/wp-content/uploads/2018/08/banderas2_Paraguay.png]
[sitepro.com.ar/web/wp-content/uploads/2018/08/banderas2_Peru.png]
[sitepro.com.ar/web/wp-content/uploads/2018/08/banderas2_Uruguay.png]
[sitepro.com.ar/web/wp-content/uploads/2018/08/banderas2_Venezuela.png]
[www.sitepro.com.ar/web/distribuidores/index.html]
[www.sitepro.com.ar/web/wp-json/oembed/1.0/embedfa94.json]
[www.sitepro.com.ar/web/wp-json/oembed/1.0/embedc987]
[www.sitepro.com.ar/web/wp-content/uploads/2018/10/unnamed-1.png]
[www.sitepro.com.ar/web/wp-content/uploads/2018/10/unnamed-2.png]
[www.sitepro.com.ar/web/novedades/index.html]
[www.sitepro.com.ar/web/wp-json/oembed/1.0/embedb28a.json]
[www.sitepro.com.ar/web/wp-json/oembed/1.0/embed637f]
[hardkey.com.ar/wp-content/uploads/2017/12/contacto-04.png]
[hardkey.com.ar/wp-content/uploads/2017/12/contacto-05.png]
[hardkey.com.ar/wp-content/uploads/2017/12/contacto-02.png]
[www.sitepro.com.ar/web/wp-includes/js/underscore.min4511.js]
[www.sitepro.com.ar/web/wp-includes/js/backbone.min9632.js]
[www.sitepro.com.ar/web/wp-content/plugins/ninja-forms/assets/js/min/front-end-depsb7ee.js]
[www.sitepro.com.ar/web/wp-content/plugins/ninja-forms/assets/js/min/front-endb7ee.js]
[www.sitepro.com.ar/web/contacto/index.html]
[www.sitepro.com.ar/web/wp-json/oembed/1.0/embedc8b5.json]
[www.sitepro.com.ar/web/wp-json/oembed/1.0/embed53cd]
[www.sitepro.com.ar/web/wp-content/uploads/2018/11/PayPal.png]
[hardkey.com.ar/wp-content/uploads/2017/12/mercado-logo-300x188.png]
[www.sitepro.com.ar/web/wp-content/uploads/2018/10/^8C143B42890AEE7F0E3D71E4AD8B1B45136CA38CD98355032E^pimgpsh_fullsize_distr.png]
[www.sitepro.com.ar/web/pago-online/index.html]
[www.sitepro.com.ar/web/wp-content/plugins/easy-sidebar-menu-widget/assets/fonts/fontello8c8e.svg]
[www.sitepro.com.ar/web/wp-content/plugins/modula-best-grid-gallery/admin/font/modula/modula-icons.svg]
[www.sitepro.com.ar/web/wp-content/plugins/modula-best-grid-gallery/fonts/feathericons/feathericons3869.html]
[www.sitepro.com.ar/web/wp-content/plugins/modula-best-grid-gallery/fonts/feathericons/feathericonsd41d.html]
[www.sitepro.com.ar/web/wp-content/plugins/modula-best-grid-gallery/fonts/feathericons/feathericons3869-2.html]
[www.sitepro.com.ar/web/wp-content/plugins/modula-best-grid-gallery/fonts/feathericons/feathericons3869-3.html]
[www.sitepro.com.ar/web/wp-content/plugins/modula-best-grid-gallery/fonts/feathericons/feathericons3869-4.html]
[www.sitepro.com.ar/web/wp-content/plugins/responsive-accordion-and-collapse/css/font-awesome/fonts/fontawesome-webfont862f.svg]
[www.sitepro.com.ar/web/wp-content/themes/radiate/genericons/Genericons.svg]
[www.sitepro.com.ar/web/wp-content/plugins/master-slider/public/assets/css/skins/minimal.svg]
[www.sitepro.com.ar/web/indexe445.html]
[www.sitepro.com.ar/web/index3179.html]
[www.sitepro.com.ar/web/productos/firma-digital/etoken-safenet-5100/caracteristicas-del-producto/index.html]
[www.sitepro.com.ar/web/productos/firma-digital/etoken-safenet-5100/especificaciones-tecnicas/index.html]
[www.sitepro.com.ar/web/productos/firma-digital/etoken-safenet-5100/casos-de-exito/index.html]
[www.sitepro.com.ar/web/solicitud-de-presupuesto-de-etoken-safenet-5110/index.html]
[www.sitepro.com.ar/web/wp-json/oembed/1.0/embedbfaa.json]
[www.sitepro.com.ar/web/wp-json/oembed/1.0/embed34bf]
[www.sitepro.com.ar/web/wp-content/uploads/2018/09/unnamed.jpg]
[www.sitepro.com.ar/web/wp-content/uploads/2018/09/unnamed-1.jpg]
[www.sitepro.com.ar/web/wp-content/uploads/2018/09/unnamed-2.jpg]
[www.sitepro.com.ar/web/wp-content/uploads/2018/09/inicio.jpg]
[www.sitepro.com.ar/web/wp-content/uploads/2018/09/unidad.jpg]
[www.sitepro.com.ar/web/wp-content/uploads/2018/09/carpeta.png]
[www.sitepro.com.ar/web/wp-content/uploads/2018/09/driver.jpg]
[www.sitepro.com.ar/web/wp-content/uploads/2018/09/descarga.jpg]
[www.sitepro.com.ar/web/wp-content/uploads/2018/09/1.jpg]
[www.sitepro.com.ar/web/wp-content/uploads/2018/09/Sin-título.jpg]
[www.sitepro.com.ar/web/wp-content/uploads/2018/09/3.jpg]
[www.sitepro.com.ar/web/wp-content/uploads/2018/09/4.jpg]
[www.sitepro.com.ar/web/wp-content/uploads/2018/09/5.png]
[www.sitepro.com.ar/web/wp-content/uploads/2018/09/6.png]
[www.sitepro.com.ar/web/wp-content/uploads/2018/09/7.jpg]
[www.sitepro.com.ar/web/wp-content/uploads/2018/09/8.jpg]
[www.sitepro.com.ar/web/wp-content/uploads/2018/09/9.jpg]
[www.sitepro.com.ar/web/wp-content/uploads/2018/09/10.jpg]
[www.sitepro.com.ar/web/wp-content/uploads/2018/09/11.jpg]
[www.sitepro.com.ar/web/wp-content/uploads/2018/09/12.jpg]
[www.sitepro.com.ar/web/wp-content/uploads/2018/09/13.jpg]
[www.sitepro.com.ar/web/wp-content/uploads/2018/09/14.jpg]
[www.sitepro.com.ar/web/wp-content/uploads/2018/09/15.jpg]
[www.sitepro.com.ar/web/wp-content/uploads/2018/09/16.jpg]
[www.sitepro.com.ar/web/wp-content/uploads/2018/09/safenet-1.png]
[www.sitepro.com.ar/web/wp-content/uploads/2018/09/Sin-título-1.jpg]
[www.sitepro.com.ar/web/wp-content/uploads/2018/09/19.jpg]
[www.sitepro.com.ar/web/wp-content/uploads/2018/09/20.jpg]
[www.sitepro.com.ar/web/wp-content/uploads/2018/09/derecho.jpg]
[www.sitepro.com.ar/web/wp-content/uploads/2018/09/no_cert.jpg]
[www.sitepro.com.ar/web/wp-content/uploads/2018/09/cert.jpg]
[www.sitepro.com.ar/web/wp-content/uploads/2018/09/que_version_de_windows_tengo-min.jpg]
[www.sitepro.com.ar/web/wp-content/uploads/2018/09/que_version_de_windows_tengo-2-min.jpg]
[www.sitepro.com.ar/web/wp-content/uploads/2018/09/que_version_de_windows_tengo-3-min.jpg]
[www.sitepro.com.ar/web/wp-content/uploads/2018/09/que_version_de_windows_tengo-6-min.jpg]
[www.sitepro.com.ar/web/wp-content/uploads/2018/09/que_version_de_windows_tengo-7-min.jpg]
[www.sitepro.com.ar/web/wp-content/uploads/2018/09/que_version_de_windows_tengo-8-min-768x289.jpg]
[www.sitepro.com.ar/web/wp-content/uploads/2018/09/que_version_de_windows_tengo-9-min.jpg]
[www.sitepro.com.ar/web/wp-content/uploads/2018/09/que_version_de_windows_tengo-10-min.jpg]
[www.sitepro.com.ar/web/wp-content/uploads/2018/09/eliminar.jpg]
[www.sitepro.com.ar/web/wp-content/uploads/2018/09/pass.jpg]
[www.sitepro.com.ar/web/wp-content/uploads/2018/09/aceptar.jpg]
[www.sitepro.com.ar/web/wp-content/uploads/2018/09/correcto.jpg]
[www.sitepro.com.ar/web/preguntas-frecuentes/index.html]
[www.sitepro.com.ar/web/index97c2.html]
[www.sitepro.com.ar/web/indexb354.html]
[www.sitepro.com.ar/web/productos/firma-digital/4identity/caracteristicas-funcionales/index.html]
[www.sitepro.com.ar/web/productos/firma-digital/4identity/caracteristicas-tecnicas/index.html]
[www.sitepro.com.ar/web/index1bfb.html]
[www.sitepro.com.ar/web/wp-json/oembed/1.0/embed86b5.json]
[www.sitepro.com.ar/web/wp-json/oembed/1.0/embed787d]
[www.sitepro.com.ar/web/productos/proteccion-de-datos/safenet-payment-hsm/caracteristicas-y-beneficios/index.html]
[www.sitepro.com.ar/web/wp-json/oembed/1.0/embeddeb5.json]
[www.sitepro.com.ar/web/wp-json/oembed/1.0/embed793b]
[www.sitepro.com.ar/web/productos/proteccion-de-datos/safenet-payment-hsm/especificaciones-tecnicas/index.html]
[www.sitepro.com.ar/web/indexc381.html]
[www.sitepro.com.ar/web/wp-json/oembed/1.0/embedb6d4.json]
[www.sitepro.com.ar/web/wp-json/oembed/1.0/embedddf9]
[www.sitepro.com.ar/web/productos/proteccion-de-datos/safenet-protectserver/caracteristicas-y-beneficios/index.html]
[www.sitepro.com.ar/web/wp-json/oembed/1.0/embed0f33.json]
[www.sitepro.com.ar/web/wp-json/oembed/1.0/embedbe1a]
[www.sitepro.com.ar/web/productos/proteccion-de-datos/safenet-protectserver/especificaciones-tecnicas/index.html]
[www.sitepro.com.ar/web/indexd0c0.html]
[www.sitepro.com.ar/web/wp-json/oembed/1.0/embed691e.json]
[www.sitepro.com.ar/web/wp-json/oembed/1.0/embed6b9e]
[www.sitepro.com.ar/web/productos/proteccion-de-datos/safenet-keysecure/caracteristicas-y-beneficios/caracteristicas-y-beneficios/index.html]
[www.sitepro.com.ar/web/wp-json/oembed/1.0/embed6336.json]
[www.sitepro.com.ar/web/wp-json/oembed/1.0/embedaa92]
[www.sitepro.com.ar/web/productos/proteccion-de-datos/safenet-keysecure/especificaciones-tecnicas/especificaciones-tecnicas/index.html]
[www.sitepro.com.ar/web/index3452.html]
[www.sitepro.com.ar/web/index7d36.html]
[www.sitepro.com.ar/web/product/hardware-de-seguridad-hsm/safenet-luna-sa/beneficios-y-caracteristicas/index.html]
[www.sitepro.com.ar/web/product/hardware-de-seguridad-hsm/safenet-luna-sa/especificaciones-tecnicas/index.html]
[www.sitepro.com.ar/web/indexe637.html]
[www.sitepro.com.ar/web/product/seguridad-en-hardware/luna-g5/beneficios-de-seguridad/index.html]
[www.sitepro.com.ar/web/product/seguridad-en-hardware/luna-g5/especificaciones-tecnicas/index.html]
[www.sitepro.com.ar/web/index13cf.html]
[www.sitepro.com.ar/web/product/hardware-de-seguridad-hsm/safenet-luna-pci/caracteristicas-y-beneficios/index.html]
[www.sitepro.com.ar/web/product/hardware-de-seguridad-hsm/safenet-luna-pci/especificaciones-tecnicas/index.html]
[www.sitepro.com.ar/web/index80c5.html]
[www.sitepro.com.ar/web/indexff33.html]
[www.sitepro.com.ar/web/indexe733.html]
[www.sitepro.com.ar/web/productos/autenticacion-de-usuarios/hardkey-mio/autenticacion-erp/index.html]
[www.sitepro.com.ar/web/productos/autenticacion-de-usuarios/hardkey-mio/autenticacion-web/index.html]
[www.sitepro.com.ar/web/productos/autenticacion-de-usuarios/hardkey-mio/caracteristicas-principales/index.html]
[www.sitepro.com.ar/web/productos/autenticacion-de-usuarios/hardkey-mio/descripcion-del-sdk/index.html]
[prueba.sitepro.com.ar/wp-content/uploads/2018/03/HARDkey-MIO_graf-300x89.html]
[www.sitepro.com.ar/web/index3395.html]
[www.sitepro.com.ar/web/productos/proteccion-de-software/llaves-hardkey/metodos-de-proteccion/index.html]
[www.sitepro.com.ar/web/productos/proteccion-de-software/llaves-hardkey/caracteristicas-principales/index.html]
[www.sitepro.com.ar/web/productos/proteccion-de-software/llaves-hardkey/modelos-de-llaves/index.html]
[www.sitepro.com.ar/web/productos/proteccion-de-software/llaves-hardkey/preguntas-frecuentes/index.html]
[www.sitepro.com.ar/web/productos/proteccion-de-software/llaves-hardkey/hardkey-net-vs-hardkey-web/index.html]
[www.sitepro.com.ar/web/indexb413.html]
[www.sitepro.com.ar/web/productos/proteccion-de-software/hardkey-web/descripcion/index.html]
[www.sitepro.com.ar/web/productos/proteccion-de-software/hardkey-web/caracteristicas/index.html]
[www.sitepro.com.ar/web/productos/proteccion-de-software/hardkey-web/como-funciona/index.html]
[www.sitepro.com.ar/web/productos/proteccion-de-software/hardkey-web/gestion-del-ciclo-productivo/index.html]
[www.sitepro.com.ar/web/productos/proteccion-de-software/hardkey-web/ventajas-y-beneficios/index.html]
[www.sitepro.com.ar/web/productos/proteccion-de-software/hardkey-web/cuando-debo-usarla/index.html]
[www.sitepro.com.ar/web/index9173.html]
[www.sitepro.com.ar/web/wp-json/oembed/1.0/embed0714.json]
[www.sitepro.com.ar/web/wp-json/oembed/1.0/embed1c34]
[www.sitepro.com.ar/web/contacto-exterior/index.html]
[www.sitepro.com.ar/web/index888c.html]
[www.sitepro.com.ar/web/wp-json/oembed/1.0/embedd1e9.json]
[www.sitepro.com.ar/web/wp-json/oembed/1.0/embed64ea]
[www.sitepro.com.ar/web/novedades/21-de-noviembre-2018-desayuno-en-peru-hardkey/index.html]
[www.sitepro.com.ar/web/wp-json/oembed/1.0/embed9ffa.json]
[www.sitepro.com.ar/web/wp-json/oembed/1.0/embeddd84]
[www.sitepro.com.ar/web/wp-content/uploads/2018/10/unnamed-2-500x500.png]
[www.sitepro.com.ar/web/wp-content/uploads/2018/11/mega18076.jpg]
[www.sitepro.com.ar/web/wp-content/uploads/2018/11/mega18076-500x500.jpg]
[www.sitepro.com.ar/web/wp-content/uploads/2018/10/unnamed.jpg]
[www.sitepro.com.ar/web/wp-content/uploads/2018/10/unnamed-500x500.jpg]
[www.sitepro.com.ar/web/wp-content/plugins/modula-best-grid-gallery/lightbox/lightbox2/js/lightbox.min9e1e.js]
[www.sitepro.com.ar/web/novedades/04-de-septiempre-de-2018-infoscurity-hardkey/index.html]
[www.sitepro.com.ar/web/wp-json/oembed/1.0/embedfc0d.json]
[www.sitepro.com.ar/web/wp-json/oembed/1.0/embed6fe9]
[www.sitepro.com.ar/web/wp-content/uploads/2018/11/lima1652.jpg]
[www.sitepro.com.ar/web/wp-content/uploads/2018/11/lima1652-500x500.jpg]
[www.sitepro.com.ar/web/wp-content/uploads/2018/11/20180515_161528-1.jpg]
[www.sitepro.com.ar/web/wp-content/uploads/2018/11/20180515_161528-1-500x500.jpg]
[www.sitepro.com.ar/web/novedades/05-de-mayo-de-2018-infoscurity-hardkey/index.html]
[www.sitepro.com.ar/web/wp-json/oembed/1.0/embedce2a.json]
[www.sitepro.com.ar/web/wp-json/oembed/1.0/embed7bdf]
[www.sitepro.com.ar/web/wp-content/uploads/2018/11/20170905_120208-1.jpg]
[www.sitepro.com.ar/web/wp-content/uploads/2018/11/20170905_120208-1-500x500.jpg]
[www.sitepro.com.ar/web/novedades/septiembre-de-2017-infoscurity-hardkey/index.html]
[www.sitepro.com.ar/web/wp-json/oembed/1.0/embedd72b.json]
[www.sitepro.com.ar/web/wp-json/oembed/1.0/embed1fc5]
[www.sitepro.com.ar/web/wp-content/uploads/2018/11/lima17_30.jpg]
[www.sitepro.com.ar/web/wp-content/uploads/2018/11/lima17_30-500x500.jpg]
[www.sitepro.com.ar/web/wp-content/uploads/2018/11/20170518_174738.jpg]
[www.sitepro.com.ar/web/wp-content/uploads/2018/11/20170518_174738-500x500.jpg]
[www.sitepro.com.ar/web/novedades/mayo-de-2017-infoscurity-hardkey/index.html]
[www.sitepro.com.ar/web/wp-json/oembed/1.0/embed5de9.json]
[www.sitepro.com.ar/web/wp-json/oembed/1.0/embedeec8]
[www.sitepro.com.ar/web/wp-content/uploads/2018/11/bogo2017_32.jpg]
[www.sitepro.com.ar/web/wp-content/uploads/2018/11/bogo2017_32-500x500.jpg]
[www.sitepro.com.ar/web/novedades/abril-de-2017-infoscurity-hardkey/index.html]
[www.sitepro.com.ar/web/index6742.html]
[www.sitepro.com.ar/web/wp-includes/fonts/dashicons.eot]
[www.sitepro.com.ar/web/wp-includes/css/dashicons.minaead.css]
[www.sitepro.com.ar/web/wp-content/plugins/ninja-forms/assets/img/help-info.png]
[www.sitepro.com.ar/web/wp-content/plugins/ninja-forms/assets/css/display-structureaead.css]
[www.sitepro.com.ar/web/indexd8c8.html]
[www.sitepro.com.ar/web/wp-json/oembed/1.0/embed56c6.json]
[www.sitepro.com.ar/web/wp-json/oembed/1.0/embedd8f4]
[www.sitepro.com.ar/web/pago-online/pago-online-paypal/index.html]
[www.sitepro.com.ar/web/wp-json/oembed/1.0/embedb9bb.json]
[www.sitepro.com.ar/web/wp-json/oembed/1.0/embede784]
[www.sitepro.com.ar/web/pago-online/cupon-de-pago-mp/index.html]
[www.sitepro.com.ar/web/wp-json/oembed/1.0/embedf914.json]
[www.sitepro.com.ar/web/wp-json/oembed/1.0/embed6e97]
[www.sitepro.com.ar/web/pago-online/pago-online-plataforma-decidir/index.html]
[www.sitepro.com.ar/web/indexc9a1.html]
[www.sitepro.com.ar/web/indexcbaa.html]
[www.sitepro.com.ar/web/index2cbf.html]
[www.sitepro.com.ar/web/indexef1a.html]
[www.sitepro.com.ar/web/index8e77.html]
[www.sitepro.com.ar/web/index57ca.html]
[www.sitepro.com.ar/web/index6397.html]
[www.sitepro.com.ar/web/index0377.html]
[www.sitepro.com.ar/web/index9afc.html]
[www.sitepro.com.ar/web/index85cb.html]
[www.sitepro.com.ar/web/wp-content/plugins/modula-best-grid-gallery/lightbox/lightbox2/images/loading.gif]
[www.sitepro.com.ar/web/wp-content/plugins/modula-best-grid-gallery/lightbox/lightbox2/css/lightbox.minaead.css]
[www.sitepro.com.ar/web/index6da4.html]
[www.sitepro.com.ar/web/indexa5ea.html]
[www.sitepro.com.ar/web/index0924.html]
[www.sitepro.com.ar/web/indexdd18.html]
[www.sitepro.com.ar/web/indexe525.html]
[www.sitepro.com.ar/web/indexd3e2.html]
[www.sitepro.com.ar/web/index4d4c.html]
